// Vitest Snapshot v1, https://vitest.dev/guide/snapshot.html

exports[`Center > 默认 1`] = `
<div>
  <div
    class="layoutkit-center rlk-flex rlk-flex-col rlk-justify-center rlk-items-center"
    data-testid="container"
  >
    123
  </div>
</div>
`;
